2026-06-18 16:07:20.723 INFO (MainThread) [custom_components.mydolphin_plus] [SPIKE-02 set_fixed_token] set (deadbeef…)
2026-06-18 16:07:21.742 INFO (MainThread) [custom_components.mydolphin_plus.managers.aws_client] [SPIKE-02 spike_publish] clientToken=deadbeefcafefacefeedfacebadc0ffee0123456 top_level_version=None payload={'cycleInfo': {'cycleTime': 77}}
2026-06-18 16:07:21.743 DEBUG (MainThread) [custom_components.mydolphin_plus.managers.aws_client] Published message to $aws/things/REDACTED-MUSN/shadow/update, Data: {"state": {"desired": {"cycleInfo": {"cycleTime": 77}}}, "clientToken": "deadbeefcafefacefeedfacebadc0ffee0123456"}
2026-06-18 16:07:21.744 INFO (Dummy-494) [custom_components.mydolphin_plus.managers.aws_client] Published message #46 to $aws/things/REDACTED-MUSN/shadow/update, Data: {"state": {"desired": {"cycleInfo": {"cycleTime": 77}}}, "clientToken": "deadbeefcafefacefeedfacebadc0ffee0123456"}
2026-06-18 16:07:21.822 DEBUG (Dummy-496) [custom_components.mydolphin_plus.managers.aws_client] Message received for device REDACTED-MUSN, Topic: $aws/things/REDACTED-MUSN/shadow/update/documents
2026-06-18 16:07:21.823 DEBUG (Dummy-497) [custom_components.mydolphin_plus.managers.aws_client] Message received for device REDACTED-MUSN, Topic: $aws/things/REDACTED-MUSN/shadow/update/delta
2026-06-18 16:07:21.823 DEBUG (Dummy-498) [custom_components.mydolphin_plus.managers.aws_client] Message received for device REDACTED-MUSN, Topic: $aws/things/REDACTED-MUSN/shadow/update/accepted
2026-06-18 16:07:21.823 DEBUG (Dummy-498) [custom_components.mydolphin_plus.managers.aws_client] Payload: {"state":{"desired":{"cycleInfo":{"cycleTime":77}}},"metadata":{"desired":{"cycleInfo":{"cycleTime":{"timestamp":1781791641}}}},"version":954,"timestamp":1781791641,"clientToken":"deadbeefcafefacefeedfacebadc0ffee0123456"}
2026-06-18 16:07:22.140 DEBUG (Dummy-500) [custom_components.mydolphin_plus.managers.aws_client] Message received for device REDACTED-MUSN, Topic: $aws/things/REDACTED-MUSN/shadow/update/accepted
2026-06-18 16:07:22.140 DEBUG (Dummy-500) [custom_components.mydolphin_plus.managers.aws_client] Payload: {"state":{"desired":null},"metadata":{"desired":{"timestamp":1781791642}},"version":955,"timestamp":1781791642}
2026-06-18 16:07:22.164 DEBUG (Dummy-501) [custom_components.mydolphin_plus.managers.aws_client] Message received for device REDACTED-MUSN, Topic: $aws/things/REDACTED-MUSN/shadow/update/documents
2026-06-18 16:07:25.762 INFO (MainThread) [custom_components.mydolphin_plus.managers.aws_client] [SPIKE-02 spike_publish] clientToken=deadbeefcafefacefeedfacebadc0ffee0123456 top_level_version=None payload={'cycleInfo': {'cycleTime': 78}}
2026-06-18 16:07:25.763 DEBUG (MainThread) [custom_components.mydolphin_plus.managers.aws_client] Published message to $aws/things/REDACTED-MUSN/shadow/update, Data: {"state": {"desired": {"cycleInfo": {"cycleTime": 78}}}, "clientToken": "deadbeefcafefacefeedfacebadc0ffee0123456"}
2026-06-18 16:07:25.764 INFO (Dummy-502) [custom_components.mydolphin_plus.managers.aws_client] Published message #47 to $aws/things/REDACTED-MUSN/shadow/update, Data: {"state": {"desired": {"cycleInfo": {"cycleTime": 78}}}, "clientToken": "deadbeefcafefacefeedfacebadc0ffee0123456"}
2026-06-18 16:07:25.819 DEBUG (Dummy-504) [custom_components.mydolphin_plus.managers.aws_client] Message received for device REDACTED-MUSN, Topic: $aws/things/REDACTED-MUSN/shadow/update/accepted
2026-06-18 16:07:25.819 DEBUG (Dummy-504) [custom_components.mydolphin_plus.managers.aws_client] Payload: {"state":{"desired":{"cycleInfo":{"cycleTime":78}}},"metadata":{"desired":{"cycleInfo":{"cycleTime":{"timestamp":1781791645}}}},"version":956,"timestamp":1781791645,"clientToken":"deadbeefcafefacefeedfacebadc0ffee0123456"}
2026-06-18 16:07:25.820 DEBUG (Dummy-505) [custom_components.mydolphin_plus.managers.aws_client] Message received for device REDACTED-MUSN, Topic: $aws/things/REDACTED-MUSN/shadow/update/delta
2026-06-18 16:07:25.853 DEBUG (Dummy-506) [custom_components.mydolphin_plus.managers.aws_client] Message received for device REDACTED-MUSN, Topic: $aws/things/REDACTED-MUSN/shadow/update/documents
2026-06-18 16:07:26.190 DEBUG (Dummy-508) [custom_components.mydolphin_plus.managers.aws_client] Message received for device REDACTED-MUSN, Topic: $aws/things/REDACTED-MUSN/shadow/update/accepted
2026-06-18 16:07:26.191 DEBUG (Dummy-508) [custom_components.mydolphin_plus.managers.aws_client] Payload: {"state":{"desired":null},"metadata":{"desired":{"timestamp":1781791646}},"version":957,"timestamp":1781791646}
2026-06-18 16:07:26.216 DEBUG (Dummy-509) [custom_components.mydolphin_plus.managers.aws_client] Message received for device REDACTED-MUSN, Topic: $aws/things/REDACTED-MUSN/shadow/update/documents
2026-06-18 16:07:29.779 INFO (MainThread) [custom_components.mydolphin_plus] [SPIKE-02 set_fixed_token] cleared
