2026-06-18 16:07:43.385 INFO (MainThread) [custom_components.mydolphin_plus] [SPIKE-02 set_fixed_token] set (cafeface…)
2026-06-18 16:07:44.402 INFO (MainThread) [custom_components.mydolphin_plus.managers.aws_client] [SPIKE-02 spike_publish] clientToken=cafefacedeadbeeffeedface0123456789abcdef top_level_version=None payload={'cycleInfo': {'cycleTime': 82}}
2026-06-18 16:07:44.402 DEBUG (MainThread) [custom_components.mydolphin_plus.managers.aws_client] Published message to $aws/things/REDACTED-MUSN/shadow/update, Data: {"state": {"desired": {"cycleInfo": {"cycleTime": 82}}}, "clientToken": "cafefacedeadbeeffeedface0123456789abcdef"}
2026-06-18 16:07:44.403 INFO (Dummy-513) [custom_components.mydolphin_plus.managers.aws_client] Published message #49 to $aws/things/REDACTED-MUSN/shadow/update, Data: {"state": {"desired": {"cycleInfo": {"cycleTime": 82}}}, "clientToken": "cafefacedeadbeeffeedface0123456789abcdef"}
2026-06-18 16:07:44.463 DEBUG (Dummy-515) [custom_components.mydolphin_plus.managers.aws_client] Message received for device REDACTED-MUSN, Topic: $aws/things/REDACTED-MUSN/shadow/update/delta
2026-06-18 16:07:44.487 DEBUG (Dummy-516) [custom_components.mydolphin_plus.managers.aws_client] Message received for device REDACTED-MUSN, Topic: $aws/things/REDACTED-MUSN/shadow/update/documents
2026-06-18 16:07:44.495 DEBUG (Dummy-517) [custom_components.mydolphin_plus.managers.aws_client] Message received for device REDACTED-MUSN, Topic: $aws/things/REDACTED-MUSN/shadow/update/accepted
2026-06-18 16:07:44.495 DEBUG (Dummy-517) [custom_components.mydolphin_plus.managers.aws_client] Payload: {"state":{"desired":{"cycleInfo":{"cycleTime":82}}},"metadata":{"desired":{"cycleInfo":{"cycleTime":{"timestamp":1781791664}}}},"version":958,"timestamp":1781791664,"clientToken":"cafefacedeadbeeffeedface0123456789abcdef"}
2026-06-18 16:07:44.688 DEBUG (Dummy-519) [custom_components.mydolphin_plus.managers.aws_client] Message received for device REDACTED-MUSN, Topic: $aws/things/REDACTED-MUSN/shadow/update/documents
2026-06-18 16:07:44.689 DEBUG (Dummy-520) [custom_components.mydolphin_plus.managers.aws_client] Message received for device REDACTED-MUSN, Topic: $aws/things/REDACTED-MUSN/shadow/update/accepted
2026-06-18 16:07:44.689 DEBUG (Dummy-520) [custom_components.mydolphin_plus.managers.aws_client] Payload: {"state":{"desired":null},"metadata":{"desired":{"timestamp":1781791664}},"version":959,"timestamp":1781791664}
2026-06-18 16:07:46.420 INFO (MainThread) [custom_components.mydolphin_plus.managers.aws_client] [SPIKE-02 spike_publish] clientToken=cafefacedeadbeeffeedface0123456789abcdef top_level_version=None payload={'cycleInfo': {'cycleTime': 82}}
2026-06-18 16:07:46.420 DEBUG (MainThread) [custom_components.mydolphin_plus.managers.aws_client] Published message to $aws/things/REDACTED-MUSN/shadow/update, Data: {"state": {"desired": {"cycleInfo": {"cycleTime": 82}}}, "clientToken": "cafefacedeadbeeffeedface0123456789abcdef"}
2026-06-18 16:07:46.421 INFO (Dummy-521) [custom_components.mydolphin_plus.managers.aws_client] Published message #50 to $aws/things/REDACTED-MUSN/shadow/update, Data: {"state": {"desired": {"cycleInfo": {"cycleTime": 82}}}, "clientToken": "cafefacedeadbeeffeedface0123456789abcdef"}
2026-06-18 16:07:46.498 DEBUG (Dummy-523) [custom_components.mydolphin_plus.managers.aws_client] Message received for device REDACTED-MUSN, Topic: $aws/things/REDACTED-MUSN/shadow/update/documents
2026-06-18 16:07:46.500 DEBUG (Dummy-524) [custom_components.mydolphin_plus.managers.aws_client] Message received for device REDACTED-MUSN, Topic: $aws/things/REDACTED-MUSN/shadow/update/delta
2026-06-18 16:07:46.501 DEBUG (Dummy-525) [custom_components.mydolphin_plus.managers.aws_client] Message received for device REDACTED-MUSN, Topic: $aws/things/REDACTED-MUSN/shadow/update/accepted
2026-06-18 16:07:46.501 DEBUG (Dummy-525) [custom_components.mydolphin_plus.managers.aws_client] Payload: {"state":{"desired":{"cycleInfo":{"cycleTime":82}}},"metadata":{"desired":{"cycleInfo":{"cycleTime":{"timestamp":1781791666}}}},"version":960,"timestamp":1781791666,"clientToken":"cafefacedeadbeeffeedface0123456789abcdef"}
2026-06-18 16:07:46.730 DEBUG (Dummy-527) [custom_components.mydolphin_plus.managers.aws_client] Message received for device REDACTED-MUSN, Topic: $aws/things/REDACTED-MUSN/shadow/update/documents
2026-06-18 16:07:46.731 DEBUG (Dummy-528) [custom_components.mydolphin_plus.managers.aws_client] Message received for device REDACTED-MUSN, Topic: $aws/things/REDACTED-MUSN/shadow/update/accepted
2026-06-18 16:07:46.731 DEBUG (Dummy-528) [custom_components.mydolphin_plus.managers.aws_client] Payload: {"state":{"desired":null},"metadata":{"desired":{"timestamp":1781791666}},"version":961,"timestamp":1781791666}
2026-06-18 16:07:50.435 INFO (MainThread) [custom_components.mydolphin_plus] [SPIKE-02 set_fixed_token] cleared
